
> react-kavia@0.1.0 start
> cross-env EDIT_MODE=true webpack serve --config .ve/webpack.config.js --mode development

<i> [webpack-dev-server] Project is running at:
<i> [webpack-dev-server] Loopback: http://localhost:3000/, http://[::1]:3000/
<i> [webpack-dev-server] On Your Network (IPv4): http://172.17.0.2:3000/
<i> [webpack-dev-server] Content not from webpack is served from './public' directory
Injecting EditorRootWrapper import: ../.ve/EditorRootWrapper
asset bundle.js 1.42 MiB [emitted] (name: main)
asset index.html 1.98 KiB [emitted]
runtime modules 27.5 KiB 14 modules
cacheable modules 1.28 MiB
  modules by path ./node_modules/ 1.24 MiB 31 modules
  modules by path ./src/ 31.2 KiB
    modules by path ./src/*.css 11.6 KiB 4 modules
    modules by path ./src/components/*.js 11.2 KiB 3 modules
    modules by path ./src/api/*.js 3.63 KiB 3 modules
    modules by path ./src/*.js 4.71 KiB 2 modules
  modules by path ./.ve/ 15.1 KiB
    modules by path ./.ve/*.js 10.6 KiB 2 modules
    modules by path ./.ve/*.css 2.93 KiB 2 modules
    ./.ve/EditorOverlay.jsx 1.58 KiB [built] [code generated]
webpack 5.99.9 compiled successfully in 1303 ms
assets by status 1.98 KiB [cached] 1 asset
assets by path *.js 1.43 MiB
  asset bundle.js 1.42 MiB [emitted] (name: main)
  asset main.6f7f4e290f254b68f4f2.hot-update.js 4.16 KiB [emitted] [immutable] [hmr] (name: main)
asset main.6f7f4e290f254b68f4f2.hot-update.json 28 bytes [emitted] [immutable] [hmr]
Entrypoint main 1.43 MiB = bundle.js 1.42 MiB main.6f7f4e290f254b68f4f2.hot-update.js 4.16 KiB
cached modules 1.28 MiB [cached] 47 modules
runtime modules 27.5 KiB 14 modules
./src/api/plotApi.js 2.71 KiB [built] [code generated]
webpack 5.99.9 compiled successfully in 78 ms
assets by status 1.98 KiB [cached] 1 asset
assets by path *.js 1.43 MiB
  asset bundle.js 1.43 MiB [emitted] (name: main)
  asset main.ccddd6e952bb1dd46a02.hot-update.js 8.09 KiB [emitted] [immutable] [hmr] (name: main)
asset main.ccddd6e952bb1dd46a02.hot-update.json 28 bytes [emitted] [immutable] [hmr]
Entrypoint main 1.43 MiB = bundle.js 1.43 MiB main.ccddd6e952bb1dd46a02.hot-update.js 8.09 KiB
cached modules 1.28 MiB [cached] 47 modules
runtime modules 27.5 KiB 14 modules
./src/components/ComicPlotDesign.js 4.88 KiB [built] [code generated]
webpack 5.99.9 compiled successfully in 60 ms
